[themes.smartythemes.com/daniel/index-stars-bg.html]
[backblue.gif]
[fade.gif]
[index.html]
[themes.smartythemes.com/daniel/css/icons/css/fontello.css]
[themes.smartythemes.com/daniel/css/bootstrap.css]
[themes.smartythemes.com/daniel/css/style.css]
[themes.smartythemes.com/daniel/css/responsive.css]
[themes.smartythemes.com/daniel/images/logo.png]
[themes.smartythemes.com/daniel/js/jquery-1.11.1.min.js]
[themes.smartythemes.com/daniel/js/jquery.plugin.min.js]
[themes.smartythemes.com/daniel/js/jquery.countdown.min.js]
[themes.smartythemes.com/daniel/js/_config.js]
[themes.smartythemes.com/daniel/js/curtain-scroll.js]
[themes.smartythemes.com/daniel/galaxy/js/TweenLite.min.js]
[themes.smartythemes.com/daniel/galaxy/js/EasePack.min.js]
[themes.smartythemes.com/daniel/galaxy/js/rAF.js]
[themes.smartythemes.com/daniel/js/classie.js]
[themes.smartythemes.com/daniel/js/_front.js]
[themes.smartythemes.com/daniel/galaxy/js/background.js]
[s3.amazonaws.com/downloads.mailchimp.com/js/mc-validate.js]
[www.google-analytics.com/analytics.js]
[themes.smartythemes.com/daniel/index-stars-bg.html]
[themes.smartythemes.com/daniel/css/icons/css/animation.css]
[themes.smartythemes.com/daniel/css/icons/font/fontelloc621.eot]
[themes.smartythemes.com/daniel/css/icons/font/fontelloc621.woff]
[themes.smartythemes.com/daniel/css/icons/font/fontelloc621.ttf]
[mc.yandex.ru/metrika/watch.js]
[themes.smartythemes.com/daniel/css/icons/css/fontello.css]
[themes.smartythemes.com/daniel/css/bootstrap.css]
[themes.smartythemes.com/daniel/css/icons/font/fontelloc621.svg]
[themes.smartythemes.com/daniel/images/bg.jpg]
[themes.smartythemes.com/daniel/images/raindrops.jpg]
[themes.smartythemes.com/daniel/images/clouds/clouds-bg.jpg]
[themes.smartythemes.com/daniel/images/bg/snowfall.jpg]
[themes.smartythemes.com/daniel/images/demo-bg.jpg]
[themes.smartythemes.com/daniel/images/section2-bg.jpg]
[themes.smartythemes.com/daniel/images/section3-bg.jpg]
[themes.smartythemes.com/daniel/images/section4-bg.jpg]
[themes.smartythemes.com/daniel/images/mouse-down.png]
[themes.smartythemes.com/daniel/images/services-icon-1.png]
[themes.smartythemes.com/daniel/images/services-icon-2.png]
[themes.smartythemes.com/daniel/images/services-icon-3.png]
[themes.smartythemes.com/daniel/images/slider_controls.png]
[themes.smartythemes.com/daniel/images/bg/gal1_slide1.jpg]
[themes.smartythemes.com/daniel/images/bg/gal1_slide2.jpg]
[themes.smartythemes.com/daniel/images/bg/gal1_slide3.jpg]
[themes.smartythemes.com/daniel/images/demo-mousedown.png]
[themes.smartythemes.com/daniel/images/demo-thumb-bg.png]
[themes.smartythemes.com/daniel/css/style.css]
[themes.smartythemes.com/daniel/css/responsive.css]
[themes.smartythemes.com/daniel/galaxy/images/stars-sky.jpg]
[themes.smartythemes.com/daniel/galaxy/css/galaxy.css]
[themes.smartythemes.com/daniel/css/icons/font/fontelloc621.svg]
[themes.smartythemes.com/daniel/images/bg/clouds_bg.html]
[themes.smartythemes.com/daniel/images/bg/gal2_slide1.html]
[themes.smartythemes.com/daniel/images/bg/gal2_slide2.html]
[themes.smartythemes.com/daniel/images/bg/gal2_slide3.html]
